
[7m[1m[36m RUN [39m[22m[27m [36mv0.34.6[39m [90mD:/repositories-programming-applications/ernstandyoung/ai-soc-ui[39m

node.exe : [31mWebSocket server error: Port 24678 is already in use[39m
At C:\Program Files\nodejs\npx.ps1:29 char:3
+   & $NODE_EXE $NPX_CLI_JS $args
+   ~~~~~~~~~~~~~~~~~~~~~~~~~~~~~
    + CategoryInfo          : NotSpecified: ([31mWebSocket ...ady in use[39m:String) [], RemoteException
    + FullyQualifiedErrorId : NativeCommandError
 
 [33mΓ¥»[39m src/__tests__/authContext.test.tsx [2m ([22m[2m1 test[22m [2m|[22m [31m1 failed[39m[2m)[22m[90m 32[2mms[22m[39m
[31m   [33mΓ¥»[31m src/__tests__/authContext.test.tsx[2m > [22mAuthProvider login/logout updates context[39m
[31m     ΓåÆ (0 , useAuth) is not a function[39m
 [33mΓ¥»[39m src/__tests__/requireAuth.test.tsx [2m ([22m[2m1 test[22m [2m|[22m [31m1 failed[39m[2m)[22m[90m 40[2mms[22m[39m
[31m   [33mΓ¥»[31m src/__tests__/requireAuth.test.tsx[2m > [22mRequireAuth shows access denied when role insufficient[39m
[31m     ΓåÆ (0 , useAuth) is not a function[39m
 [33mΓ¥»[39m src/__tests__/loginPage.test.tsx [2m ([22m[2m1 test[22m [2m|[22m [31m1 failed[39m[2m)[22m[90m 67[2mms[22m[39m
[31m   [33mΓ¥»[31m src/__tests__/loginPage.test.tsx[2m > [22mLoginPage performs login and updates auth context[39m
[31m     ΓåÆ (0 , useAuth) is not a function[39m

[31mΓÄ»ΓÄ»ΓÄ»ΓÄ»ΓÄ»ΓÄ»ΓÄ»[1m[7m Failed Tests 3 [27m[22mΓÄ»ΓÄ»ΓÄ»ΓÄ»ΓÄ»ΓÄ»ΓÄ»[39m

[31m[1m[7m FAIL [27m[22m[39m src/__tests__/authContext.test.tsx[2m > [22mAuthProvider login/logout updates context
[31m[1mTypeError[22m: (0 , useAuth) is not a function[39m
[36m [2mΓ¥»[22m TestConsumer src/__tests__/authContext.test.tsx:[2m5:52[22m[39m
    [90m  3| [39m
    [90m  4| [39mfunction TestConsumer() {
    [90m  5| [39m  const { isAuthenticated, user, login, logout } = useAuth();
    [90m   | [39m                                                   [31m^[39m
    [90m  6| [39m  return (
    [90m  7| [39m    <div>
[90m [2mΓ¥»[22m Object.react_stack_bottom_frame 
node_modules/.pnpm/react-dom@19.2.3_react@19.2.3/node_modules/react-dom/cjs/react-dom-client.development.js:[2m25904:20[22m[39m
[90m [2mΓ¥»[22m renderWithHooks node_modules/.pnpm/react-dom@19.2.3_react@19.2.3/node_modules/react-dom/cjs/react-dom-client.development.js:[2m7662:22[22m[39m
[90m [2mΓ¥»[22m updateFunctionComponent 
node_modules/.pnpm/react-dom@19.2.3_react@19.2.3/node_modules/react-dom/cjs/react-dom-client.development.js:[2m10166:19[22m[39m
[90m [2mΓ¥»[22m beginWork node_modules/.pnpm/react-dom@19.2.3_react@19.2.3/node_modules/react-dom/cjs/react-dom-client.development.js:[2m11778:18[22m[39m
[90m [2mΓ¥»[22m runWithFiberInDEV node_modules/.pnpm/react-dom@19.2.3_react@19.2.3/node_modules/react-dom/cjs/react-dom-client.development.js:[2m874:13[22m[39m
[90m [2mΓ¥»[22m performUnitOfWork node_modules/.pnpm/react-dom@19.2.3_react@19.2.3/node_modules/react-dom/cjs/react-dom-client.development.js:[2m17641:22[22m[39m
[90m [2mΓ¥»[22m workLoopSync node_modules/.pnpm/react-dom@19.2.3_react@19.2.3/node_modules/react-dom/cjs/react-dom-client.development.js:[2m17469:41[22m[39m
[90m [2mΓ¥»[22m renderRootSync node_modules/.pnpm/react-dom@19.2.3_react@19.2.3/node_modules/react-dom/cjs/react-dom-client.development.js:[2m17450:11[22m[39m
[90m [2mΓ¥»[22m performWorkOnRoot node_modules/.pnpm/react-dom@19.2.3_react@19.2.3/node_modules/react-dom/cjs/react-dom-client.development.js:[2m16583:35[22m[39m

[31m[2mΓÄ»ΓÄ»ΓÄ»ΓÄ»ΓÄ»ΓÄ»ΓÄ»ΓÄ»ΓÄ»ΓÄ»ΓÄ»ΓÄ»ΓÄ»ΓÄ»ΓÄ»ΓÄ»ΓÄ»ΓÄ»ΓÄ»ΓÄ»ΓÄ»ΓÄ»ΓÄ»ΓÄ»[1/3]ΓÄ»[22m[39m

[31m[1m[7m FAIL [27m[22m[39m src/__tests__/loginPage.test.tsx[2m > [22mLoginPage performs login and updates auth context
[31m[1mTypeError[22m: (0 , useAuth) is not a function[39m
[36m [2mΓ¥»[22m AuthState src/__tests__/loginPage.test.tsx:[2m8:37[22m[39m
    [90m  6| [39m// Small consumer to show auth state after login
    [90m  7| [39mfunction AuthState() {
    [90m  8| [39m  const { isAuthenticated, user } = useAuth();
    [90m   | [39m                                    [31m^[39m
    [90m  9| [39m  return (
    [90m 10| [39m    <div>
[90m [2mΓ¥»[22m Object.react_stack_bottom_frame 
node_modules/.pnpm/react-dom@19.2.3_react@19.2.3/node_modules/react-dom/cjs/react-dom-client.development.js:[2m25904:20[22m[39m
[90m [2mΓ¥»[22m renderWithHooks node_modules/.pnpm/react-dom@19.2.3_react@19.2.3/node_modules/react-dom/cjs/react-dom-client.development.js:[2m7662:22[22m[39m
[90m [2mΓ¥»[22m updateFunctionComponent 
node_modules/.pnpm/react-dom@19.2.3_react@19.2.3/node_modules/react-dom/cjs/react-dom-client.development.js:[2m10166:19[22m[39m
[90m [2mΓ¥»[22m beginWork node_modules/.pnpm/react-dom@19.2.3_react@19.2.3/node_modules/react-dom/cjs/react-dom-client.development.js:[2m11778:18[22m[39m
[90m [2mΓ¥»[22m runWithFiberInDEV node_modules/.pnpm/react-dom@19.2.3_react@19.2.3/node_modules/react-dom/cjs/react-dom-client.development.js:[2m874:13[22m[39m
[90m [2mΓ¥»[22m performUnitOfWork node_modules/.pnpm/react-dom@19.2.3_react@19.2.3/node_modules/react-dom/cjs/react-dom-client.development.js:[2m17641:22[22m[39m
[90m [2mΓ¥»[22m workLoopSync node_modules/.pnpm/react-dom@19.2.3_react@19.2.3/node_modules/react-dom/cjs/react-dom-client.development.js:[2m17469:41[22m[39m
[90m [2mΓ¥»[22m renderRootSync node_modules/.pnpm/react-dom@19.2.3_react@19.2.3/node_modules/react-dom/cjs/react-dom-client.development.js:[2m17450:11[22m[39m
[90m [2mΓ¥»[22m performWorkOnRoot node_modules/.pnpm/react-dom@19.2.3_react@19.2.3/node_modules/react-dom/cjs/react-dom-client.development.js:[2m16583:35[22m[39m

[31m[2mΓÄ»ΓÄ»ΓÄ»ΓÄ»ΓÄ»ΓÄ»ΓÄ»ΓÄ»ΓÄ»ΓÄ»ΓÄ»ΓÄ»ΓÄ»ΓÄ»ΓÄ»ΓÄ»ΓÄ»ΓÄ»ΓÄ»ΓÄ»ΓÄ»ΓÄ»ΓÄ»ΓÄ»[2/3]ΓÄ»[22m[39m

[31m[1m[7m FAIL [27m[22m[39m src/__tests__/requireAuth.test.tsx[2m > [22mRequireAuth shows access denied when role insufficient
[31m[1mTypeError[22m: (0 , useAuth) is not a function[39m
[36m [2mΓ¥»[22m LoginOnMount src/__tests__/requireAuth.test.tsx:[2m22:23[22m[39m
    [90m 20| [39m  // Helper that logs in as a low-permission user on mount
    [90m 21| [39m  function LoginOnMount() {
    [90m 22| [39m    const { login } = useAuth();
    [90m   | [39m                      [31m^[39m
    [90m 23| [39m    React.useEffect(() => {
    [90m 24| [39m      login("low@example.com", "", "SOC Analyst");
[90m [2mΓ¥»[22m Object.react_stack_bottom_frame 
node_modules/.pnpm/react-dom@19.2.3_react@19.2.3/node_modules/react-dom/cjs/react-dom-client.development.js:[2m25904:20[22m[39m
[90m [2mΓ¥»[22m renderWithHooks node_modules/.pnpm/react-dom@19.2.3_react@19.2.3/node_modules/react-dom/cjs/react-dom-client.development.js:[2m7662:22[22m[39m
[90m [2mΓ¥»[22m updateFunctionComponent 
node_modules/.pnpm/react-dom@19.2.3_react@19.2.3/node_modules/react-dom/cjs/react-dom-client.development.js:[2m10166:19[22m[39m
[90m [2mΓ¥»[22m beginWork node_modules/.pnpm/react-dom@19.2.3_react@19.2.3/node_modules/react-dom/cjs/react-dom-client.development.js:[2m11778:18[22m[39m
[90m [2mΓ¥»[22m runWithFiberInDEV node_modules/.pnpm/react-dom@19.2.3_react@19.2.3/node_modules/react-dom/cjs/react-dom-client.development.js:[2m874:13[22m[39m
[90m [2mΓ¥»[22m performUnitOfWork node_modules/.pnpm/react-dom@19.2.3_react@19.2.3/node_modules/react-dom/cjs/react-dom-client.development.js:[2m17641:22[22m[39m
[90m [2mΓ¥»[22m workLoopSync node_modules/.pnpm/react-dom@19.2.3_react@19.2.3/node_modules/react-dom/cjs/react-dom-client.development.js:[2m17469:41[22m[39m
[90m [2mΓ¥»[22m renderRootSync node_modules/.pnpm/react-dom@19.2.3_react@19.2.3/node_modules/react-dom/cjs/react-dom-client.development.js:[2m17450:11[22m[39m
[90m [2mΓ¥»[22m performWorkOnRoot node_modules/.pnpm/react-dom@19.2.3_react@19.2.3/node_modules/react-dom/cjs/react-dom-client.development.js:[2m16583:35[22m[39m

[31m[2mΓÄ»ΓÄ»ΓÄ»ΓÄ»ΓÄ»ΓÄ»ΓÄ»ΓÄ»ΓÄ»ΓÄ»ΓÄ»ΓÄ»ΓÄ»ΓÄ»ΓÄ»ΓÄ»ΓÄ»ΓÄ»ΓÄ»ΓÄ»ΓÄ»ΓÄ»ΓÄ»ΓÄ»[3/3]ΓÄ»[22m[39m

[2m Test Files [22m [1m[31m3 failed[39m[22m[90m (3)[39m
[2m      Tests [22m [1m[31m3 failed[39m[22m[90m (3)[39m
[2m   Start at [22m 03:00:55
[2m   Duration [22m 3.74s[2m (transform 160ms, setup 635ms, collect 2.28s, tests 139ms, environment 3.05s, prepare 637ms)[22m

